MPASM  5.35beta                          MAIN.ASM   4-25-2017  21:39:54         PAGE  1


LOC  OBJECT CODE     LINE SOURCE TEXT
  VALUE

                      00001         list    p=16f84a
                      00002         radix   hex
                      00003         include "p16f84A.inc"
                      00001         LIST
                      00002 ; P16F84A.INC  Standard Header File, Version 2.00    Microchip Technology, Inc.
                      00134         LIST
                      00004 
  0000000C            00005 count1  equ     d'12'
  0000000D            00006 count2  equ     d'13'
  0000000E            00007 count3  equ     d'14'
  0000000F            00008 tempchar        equ     d'15'
  00000010            00009 lol     equ     d'16'
  00000011            00010 cursorstate     equ     d'17'
  00000012            00011 progstate       equ     d'18'
  00000013            00012 pos1    equ     d'19'
  00000014            00013 pos2    equ     d'20'
  00000015            00014 pos3    equ     d'21'
  00000016            00015 pos4    equ     d'22'
  00000017            00016 pos5    equ     d'23'
  00000018            00017 pos6    equ     d'24'
  00000019            00018 pos7    equ     d'25'
  0000001A            00019 pos8    equ     d'26'
  0000001B            00020 pos9    equ     d'27'
  0000001C            00021 pos10   equ     d'28'
  0000001D            00022 pos11   equ     d'29'
  0000001E            00023 pos12   equ     d'30'
  0000001F            00024 pos13   equ     d'31'
  00000020            00025 pos14   equ     d'32'
  00000021            00026 pos15   equ     d'33'
  00000022            00027 pos16   equ     d'34'
  00000023            00028 pos17   equ     d'35'
  00000024            00029 pos18   equ     d'36'
  00000025            00030 pos19   equ     d'37'
  00000026            00031 pos20   equ     d'38'
  00000027            00032 startpos        equ     d'39'           ;holds value of S when calling solveMaze
  00000028            00033 currentIter     equ     d'40'           ;keeps track of how many loops have taken place
  00000029            00034 num1    equ     d'41'                   ;ITR0x
  0000002A            00035 num2    equ     d'42'                   ;ITRx0
  0000002B            00036 currentPos      equ     d'43'           ;current position in mainMazeLoop
  0000002C            00037 tempCurrentPos  equ     d'44'   ;temporary holds current position (for inc/decrementing)
  0000002D            00038 posContents     equ     d'45'           ;indAddress stores its results here
  0000002E            00039 indAddressPointer       equ     d'46'           ;holds the values 19 -> 38
  0000002E            00040 obstacleState   equ     d'46'   ;what stage in obstacle mode
  0000002F            00041 obstaclesPlaced equ     d'47'   ;how many obstacles remaining
  00000030            00042 cursorPos       equ     d'48'           ;for obstacle mode, position of cursor
  00000031            00043 currentReg      equ     d'49'           ;which register we are currently in (for FSR)
                      00044 
                      00045 
                      00046 
0000                  00047         org     0x0
0000   2806           00048         goto main
0004                  00049         org     0x04
0004   180B           00050         btfsc   INTCON, RBIF
MPASM  5.35beta                          MAIN.ASM   4-25-2017  21:39:54         PAGE  2


LOC  OBJECT CODE     LINE SOURCE TEXT
  VALUE

0005   28B4           00051         goto    rbints
                      00052 
0006                  00053 main
0006   0186           00054         clrf    PORTB
0007   0185           00055         clrf    PORTA
0008   1683           00056         bsf     STATUS, RP0
0009   30F0           00057         movlw   b'11110000'                             ;used to set the inputs
Message[302]: Register in operand not in bank 0.  Ensure that bank bits are correct.
000A   0086           00058         movwf   TRISB
000B   3000           00059         movlw   b'00000000'                             ;used to set outputs
Message[302]: Register in operand not in bank 0.  Ensure that bank bits are correct.
000C   0085           00060         movwf   TRISA
000D   1283           00061         bcf     STATUS, RP0
000E   2018           00062         call    initialize
000F   2053           00063         call    welcome
0010   2077           00064         call    choosemode
0011   3001           00065         movlw   b'00000001'
0012   0092           00066         movwf   progstate                               ;state: select mode
0013   30A8           00067         movlw   b'10101000'
0014   008B           00068         movwf   INTCON
0015   3001           00069         movlw   b'00000001'
0016   0091           00070         movwf   cursorstate                             ;set initial cursor state to default
0017   2A93           00071         goto    LOOP2
                      00072 
0018   3002           00073 initialize              MOVLW   b'00010'                ;initializes the lcd
0019   0085           00074         MOVWF   PORTA
001A   2285           00075         CALL    ET
001B   3002           00076         MOVLW   b'00010'
001C   0085           00077         MOVWF   PORTA
001D   2285           00078         CALL    ET
001E   3008           00079         MOVLW   b'01000'
001F   0085           00080         MOVWF   PORTA
0020   2285           00081         CALL    ET
0021   3000           00082         MOVLW   b'00000'
0022   0085           00083         MOVWF   PORTA
0023   2285           00084         CALL    ET
0024   300F           00085         MOVLW   b'01111'
0025   0085           00086         MOVWF   PORTA
0026   2285           00087         CALL    ET
0027   3000           00088         MOVLW   b'00000'
0028   0085           00089         MOVWF   PORTA
0029   2285           00090         CALL    ET
002A   3001           00091         MOVLW   b'00001'
002B   0085           00092         MOVWF   PORTA
002C   2285           00093         CALL    ET
002D   3000           00094         MOVLW   b'00000'
002E   0085           00095         MOVWF   PORTA
002F   2285           00096         CALL    ET
0030   3006           00097         MOVLW   b'00110'
0031   0085           00098         MOVWF   PORTA
0032   2285           00099         CALL    ET      
0033   0008           00100         return
                      00101 
MPASM  5.35beta                          MAIN.ASM   4-25-2017  21:39:54         PAGE  3


LOC  OBJECT CODE     LINE SOURCE TEXT
  VALUE

0034   008F           00102 sendchar        movwf   tempchar
0035   39F0           00103         andlw   b'11110000'
0036   0090           00104         movwf   lol
0037   0C90           00105         rrf     lol, 1
0038   0C90           00106         rrf     lol, 1
0039   0C90           00107         rrf     lol, 1
003A   0C90           00108         rrf     lol, 1
003B   3010           00109         movlw   b'00010000'
003C   0410           00110         iorwf   lol, 0
003D   0085           00111         movwf   PORTA
003E   2285           00112         call    ET
003F   300F           00113         movlw   b'00001111'
0040   050F           00114         andwf   tempchar, 0
0041   3810           00115         iorlw   b'00010000'
0042   0085           00116         movwf   PORTA
0043   2285           00117         call    ET      
0044   0008           00118         return
                      00119 
0045   008F           00120 movecursor      movwf   tempchar
0046   39F0           00121         andlw   b'11110000'
0047   0090           00122         movwf   lol
0048   0C90           00123         rrf     lol, 1
0049   0C90           00124         rrf     lol, 1
004A   0C90           00125         rrf     lol, 1
004B   0C10           00126         rrf     lol, 0
004C   0085           00127         movwf   PORTA
004D   2285           00128         call    ET
004E   300F           00129         movlw   b'00001111'
004F   050F           00130         andwf   tempchar, 0
0050   0085           00131         movwf   PORTA
0051   2285           00132         call    ET      
0052   0008           00133         return
                      00134 
0053   3020           00135 welcome movlw   b'00100000'
0054   2034           00136         call    sendchar
0055   3020           00137         movlw   b'00100000'
0056   2034           00138         call    sendchar
0057   3020           00139         movlw   b'00100000'                                     ;3 spaces
0058   2034           00140         call    sendchar
0059   304D           00141         movlw   b'01001101'     ;M
005A   2034           00142         call    sendchar
005B   3041           00143         movlw   b'01000001'     ;A
005C   2034           00144         call    sendchar
005D   305A           00145         movlw   b'01011010'     ;Z
005E   2034           00146         call    sendchar
005F   3045           00147         movlw   b'01000101'     ;E
0060   2034           00148         call    sendchar
0061   3020           00149         movlw   b'00100000'                                     ;space
0062   2034           00150         call    sendchar
0063   3053           00151         movlw   b'01010011'     ;S
0064   2034           00152         call    sendchar
0065   304F           00153         movlw   b'01001111'     ;O
0066   2034           00154         call    sendchar
MPASM  5.35beta                          MAIN.ASM   4-25-2017  21:39:54         PAGE  4


LOC  OBJECT CODE     LINE SOURCE TEXT
  VALUE

0067   304C           00155         movlw   b'01001100'     ;L
0068   2034           00156         call    sendchar
0069   3056           00157         movlw   b'01010110'     ;V
006A   2034           00158         call    sendchar
006B   3045           00159         movlw   b'01000101'     ;E
006C   2034           00160         call    sendchar
006D   3052           00161         movlw   b'01010010'     ;R
006E   2034           00162         call    sendchar
006F   2279           00163         call    delay1
0070   3000           00164         movlw   b'00000'
0071   0085           00165         movwf   PORTA
0072   2285           00166         call    ET
0073   3001           00167         movlw   b'00001'
0074   0085           00168         movwf   PORTA
0075   2285           00169         call    ET
0076   0008           00170         return
                      00171 
0077   3020           00172 choosemode      movlw   b'00100000'                                     ;space
0078   2034           00173         call    sendchar
0079   3020           00174         movlw   b'00100000'                                     ;space
007A   2034           00175         call    sendchar
007B   3020           00176         movlw   b'00100000'                                     ;space
007C   2034           00177         call    sendchar
007D   302A           00178         movlw   b'00101010'                                     ;cursor
007E   2034           00179         call    sendchar        
007F   3044           00180         movlw   b'01000100'                                     ;D
0080   2034           00181         call    sendchar
0081   3045           00182         movlw   b'01000101'
0082   2034           00183         call    sendchar                                        ;E
0083   3046           00184         movlw   b'01000110'                                     ;F
0084   2034           00185         call    sendchar
0085   3041           00186         movlw   b'01000001'
0086   2034           00187         call    sendchar                                        ;A
0087   3055           00188         movlw   b'01010101'
0088   2034           00189         call    sendchar                                                ;U
0089   304C           00190         movlw   b'01001100'
008A   2034           00191         call    sendchar                                        ;L
008B   3054           00192         movlw   b'01010100'
008C   2034           00193         call    sendchar                                        ;T
008D   300C           00194         movlw   b'01100'
008E   0085           00195         movwf   PORTA
008F   2285           00196         call    ET
0090   3000           00197         movlw   b'00000'
0091   0085           00198         movwf   PORTA
0092   2285           00199         call    ET                                                      ;newline
0093   3020           00200         movlw   b'00100000'                                     ;space
0094   2034           00201         call    sendchar
0095   304F           00202         movlw   b'01001111'                                     ;O
0096   2034           00203         call    sendchar
0097   3042           00204         movlw   b'01000010'
0098   2034           00205         call    sendchar                                        ;B
0099   3053           00206         movlw   b'01010011'
009A   2034           00207         call    sendchar                                        ;S
MPASM  5.35beta                          MAIN.ASM   4-25-2017  21:39:54         PAGE  5


LOC  OBJECT CODE     LINE SOURCE TEXT
  VALUE

009B   3054           00208         movlw   b'01010100'
009C   2034           00209         call    sendchar                                        ;T
009D   3041           00210         movlw   b'01000001'
009E   2034           00211         call    sendchar                                        ;A
009F   3043           00212         movlw   b'01000011'
00A0   2034           00213         call    sendchar                                        ;C
00A1   304C           00214         movlw   b'01001100'
00A2   2034           00215         call    sendchar                                        ;L
00A3   3045           00216         movlw   b'01000101'
00A4   2034           00217         call    sendchar                                        ;E
00A5   3020           00218         movlw   b'00100000'                                     ;space
00A6   2034           00219         call    sendchar
00A7   3020           00220         movlw   b'00100000'                                     ;space
00A8   2034           00221         call    sendchar
00A9   3020           00222         movlw   b'00100000'                                     ;space
00AA   2034           00223         call    sendchar
00AB   304D           00224         movlw   b'01001101'                                     ;M
00AC   2034           00225         call    sendchar
00AD   3041           00226         movlw   b'01000001'                                     ;A
00AE   2034           00227         call    sendchar
00AF   305A           00228         movlw   b'01011010'                                     ;Z
00B0   2034           00229         call    sendchar
00B1   3045           00230         movlw   b'01000101'                                     ;E
00B2   2034           00231         call    sendchar
                      00232 
00B3   0008           00233         return
                      00234 
                      00235 
00B4   100B           00236 rbints  bcf     INTCON, RBIF
00B5   1812           00237         btfsc   progstate, 0                            
00B6   28BE           00238         goto    modeSelectInts
00B7   1892           00239         btfsc   progstate, 1
00B8   28C3           00240         goto    modeDefaultInts
00B9   1912           00241         btfsc   progstate, 2
00BA   28C8           00242         goto    placeObstacleMode
00BB   1992           00243         btfsc   progstate, 3
00BC   28C7           00244         goto    modeMazeInts
00BD   0009           00245         retfie
                      00246 
00BE   1E06           00247 modeSelectInts  btfss   PORTB, 4                ;interrupts for state: select
00BF   20DB           00248         call    movepointer
00C0   1E86           00249         btfss   PORTB, 5
00C1   2103           00250         call    confirmmode
00C2   0009           00251         retfie
                      00252 
00C3   3017           00253 modeDefaultInts         movlw   b'00010111'                                     ;23 register for positio
                            n 5
00C4   1E86           00254         btfss   PORTB, 5                ;interrupts for state: default
00C5   2223           00255         call    solveMaze
00C6   0009           00256         retfie  
                      00257 
00C7   0008           00258 modeMazeInts    return
                      00259         
MPASM  5.35beta                          MAIN.ASM   4-25-2017  21:39:54         PAGE  6


LOC  OBJECT CODE     LINE SOURCE TEXT
  VALUE

                      00260 
00C8                  00261 placeObstacleMode                       
                      00262         
00C8   1E06           00263         btfss   PORTB, 4
00C9   20D0           00264         call    moveCursorObstacle
00CA   1E86           00265         btfss   PORTB, 5
00CB   20D8           00266         call    placeObstacle
00CC   0009           00267         retfie
                      00268 
00CD   30C0           00269 newLinePos      movlw   b'11000000'                                     ;newline
00CE   2045           00270         call    movecursor
00CF   0009           00271         retfie
                      00272         
                      00273 
00D0   0AB0           00274 moveCursorObstacle              incf    cursorPos, 1
00D1   3030           00275         movlw   cursorPos
00D2   0084           00276         movwf   FSR
                      00277         
00D3   3000           00278         movlw   b'00000000'
00D4   0700           00279         addwf   INDF, 0
00D5   00B0           00280         movwf   cursorPos
00D6   2045           00281         call    movecursor                                                                      ; go to 
                            next location
                      00282 
                      00283 
                      00284 ;       movlw   b'10001000'
                      00285 ;       subwf   cursorPos, 0                                                            ;checking if we'
                            re at last location in line
                      00286 ;       decfsz  W, 0
                      00287 ;       call    newLinePos
                      00288 ;       movlw   b'11001000'
                      00289 ;       subwf   cursorPos, 0
                      00290 ;       decfsz  W, 0
                      00291 ;       call    solveMaze
                      00292         
00D7   0008           00293         return
                      00294         
                      00295         
                      00296         
                      00297 
00D8   30FF           00298 placeObstacle   movlw   b'11111111'
00D9   2034           00299         call    sendchar
00DA   0008           00300         return
                      00301 
00DB   1811           00302 movepointer     btfsc   cursorstate, 0
00DC   28E2           00303         goto    onetwo
00DD   1891           00304         btfsc   cursorstate, 1
00DE   28ED           00305         goto    twothree
00DF   1911           00306         btfsc   cursorstate, 2
00E0   28F8           00307         goto    threeone
00E1   0008           00308 finish  return
                      00309         
00E2   3083           00310 onetwo  movlw   b'10000011'
MPASM  5.35beta                          MAIN.ASM   4-25-2017  21:39:54         PAGE  7


LOC  OBJECT CODE     LINE SOURCE TEXT
  VALUE

00E3   2045           00311         call    movecursor                                      ;position one
00E4   3020           00312         movlw   b'00100000'                                     ;space
00E5   2034           00313         call    sendchar
00E6   30C0           00314         movlw   b'11000000'
00E7   2045           00315         call    movecursor                                      ;position two
00E8   302A           00316         movlw   b'00101010'                                     ;pointer *
00E9   2034           00317         call    sendchar
00EA   1011           00318         bcf     cursorstate, 0
00EB   1491           00319         bsf     cursorstate, 1  
00EC   28E1           00320         goto    finish
                      00321 
00ED   30C0           00322 twothree        movlw   b'11000000'
00EE   2045           00323         call    movecursor                                      ;position two
00EF   3020           00324         movlw   b'00100000'                                     ;space
00F0   2034           00325         call    sendchar
00F1   30CB           00326         movlw   b'11001011'
00F2   2045           00327         call    movecursor                                      ;position three
00F3   302A           00328         movlw   b'00101010'                                     ;pointer *
00F4   2034           00329         call    sendchar
00F5   1091           00330         bcf     cursorstate, 1
00F6   1511           00331         bsf     cursorstate, 2  
00F7   28E1           00332         goto    finish
                      00333         
00F8   30CB           00334 threeone        movlw   b'11001011'
00F9   2045           00335         call    movecursor                                      ;position three
00FA   3020           00336         movlw   b'00100000'                                     ;space
00FB   2034           00337         call    sendchar
00FC   3083           00338         movlw   b'10000011'
00FD   2045           00339         call    movecursor                                      ;position one
00FE   302A           00340         movlw   b'00101010'                                     ;pointer *
00FF   2034           00341         call    sendchar
0100   1111           00342         bcf     cursorstate, 2
0101   1411           00343         bsf     cursorstate, 0  
0102   28E1           00344         goto    finish  
                      00345 
0103   3001           00346 confirmmode             movlw   b'00000001'
0104   2045           00347         call    movecursor                                      ;erases screen
0105   1811           00348         btfsc   cursorstate, 0
0106   29C9           00349         goto    definitialize
0107   1891           00350         btfsc   cursorstate, 1
0108   290C           00351         goto    obstacleMode
0109   1911           00352         btfsc   cursorstate, 2
010A   296B           00353         goto    mazeMode
010B   0008           00354         return
                      00355 
                      00356 
010C   3004           00357 obstacleMode    movlw   b'00000100'             ;state: obstacle
010D   0092           00358         movwf   progstate
010E   1186           00359         bcf     PORTB, 3
010F   3053           00360         movlw   b'01010011'             
0110   0093           00361         movwf   pos1
0111   2034           00362         call    sendchar
0112   305F           00363         movlw   b'01011111'                                     ;empty
MPASM  5.35beta                          MAIN.ASM   4-25-2017  21:39:54         PAGE  8


LOC  OBJECT CODE     LINE SOURCE TEXT
  VALUE

0113   0094           00364         movwf   pos2
0114   2034           00365         call    sendchar
0115   305F           00366         movlw   b'01011111'
0116   0095           00367         movwf   pos3
0117   2034           00368         call    sendchar
0118   305F           00369         movlw   b'01011111'
0119   0096           00370         movwf   pos4
011A   2034           00371         call    sendchar
011B   305F           00372         movlw   b'01011111'
011C   0097           00373         movwf   pos5
011D   2034           00374         call    sendchar                                        ;empty
011E   305F           00375         movlw   b'01011111'                                     ;empty
011F   0098           00376         movwf   pos6
0120   2034           00377         call    sendchar                                        
0121   305F           00378         movlw   b'01011111'                                     ;empty
0122   0099           00379         movwf   pos7
0123   2034           00380         call    sendchar                                
0124   305F           00381         movlw   b'01011111'
0125   009A           00382         movwf   pos8
0126   2034           00383         call    sendchar
0127   305F           00384         movlw   b'01011111'
0128   009B           00385         movwf   pos9
0129   2034           00386         call    sendchar
012A   305F           00387         movlw   b'01011111'
012B   009C           00388         movwf   pos10
012C   2034           00389         call    sendchar                                        ;empty
012D   3020           00390         movlw   b'00100000'                                     ;space
012E   2034           00391         call    sendchar
012F   3020           00392         movlw   b'00100000'                                     ;space
0130   2034           00393         call    sendchar
0131   3020           00394         movlw   b'00100000'                                     ;space
0132   2034           00395         call    sendchar
0133   3053           00396         movlw   b'01010011'                                     ;S
0134   2034           00397         call    sendchar
0135   3020           00398         movlw   b'00100000'                                     ;space
0136   2034           00399         call    sendchar
0137   3040           00400         movlw   b'01000000'                                     ;@
0138   2034           00401         call    sendchar
0139   30C0           00402         movlw   b'11000000'                                     ;newline
013A   2045           00403         call    movecursor
013B   305F           00404         movlw   b'01011111'                                     ;E
013C   009D           00405         movwf   pos11
013D   2034           00406         call    sendchar
013E   305F           00407         movlw   b'01011111'                                     ;empty
013F   009E           00408         movwf   pos12
0140   2034           00409         call    sendchar
0141   305F           00410         movlw   b'01011111'                                     ;empty
0142   009F           00411         movwf   pos13
0143   2034           00412         call    sendchar
0144   305F           00413         movlw   b'01011111'                                     ;empty
0145   00A0           00414         movwf   pos14
0146   2034           00415         call    sendchar
0147   305F           00416         movlw   b'01011111'                                     ;empty
MPASM  5.35beta                          MAIN.ASM   4-25-2017  21:39:54         PAGE  9


LOC  OBJECT CODE     LINE SOURCE TEXT
  VALUE

0148   00A1           00417         movwf   pos15
0149   2034           00418         call    sendchar                                        
014A   305F           00419         movlw   b'01011111'                                     ;empty
014B   00A2           00420         movwf   pos16
014C   2034           00421         call    sendchar                                        
014D   305F           00422         movlw   b'01011111'                                     ;empty
014E   00A3           00423         movwf   pos17
014F   2034           00424         call    sendchar                                
0150   305F           00425         movlw   b'01011111'                                     ;empty
0151   00A4           00426         movwf   pos18
0152   2034           00427         call    sendchar
0153   305F           00428         movlw   b'01011111'                                     ;empty
0154   00A5           00429         movwf   pos19
0155   2034           00430         call    sendchar
0156   3045           00431         movlw   b'01000101'                                     ;E
0157   00A6           00432         movwf   pos20
0158   2034           00433         call    sendchar                                        
0159   3020           00434         movlw   b'00100000'                                     ;space
015A   2034           00435         call    sendchar
015B   3020           00436         movlw   b'00100000'                                     ;space
015C   2034           00437         call    sendchar
015D   3020           00438         movlw   b'00100000'                                     ;space
015E   2034           00439         call    sendchar
015F   3030           00440         movlw   b'00110000'                                     ;0
0160   2034           00441         call    sendchar
0161   302C           00442         movlw   b'00101100'                                     ;,
0162   2034           00443         call    sendchar
0163   3030           00444         movlw   b'00110000'                                     ;0
0164   2034           00445         call    sendchar
0165   3001           00446         movlw   b'00000001'                                     ;state of placing obstacles
0166   00AE           00447         movwf   obstacleState
0167   3080           00448         movlw   b'10000000'                                     ;move cursor to beginning of first line
0168   00B0           00449         movwf   cursorPos
0169   2045           00450         call    movecursor
                      00451 ;       movlw   b'00010011'                                     ;register 19 (pos 1)
016A   0008           00452         return
                      00453 
016B   3008           00454 mazeMode        movlw   b'00001000'                     ;state: maze
016C   0092           00455         movwf   progstate
016D   305F           00456         movlw   b'01011111'             
016E   0093           00457         movwf   pos1
016F   2034           00458         call    sendchar
0170   305F           00459         movlw   b'01011111'                                     ;empty
0171   0094           00460         movwf   pos2
0172   2034           00461         call    sendchar
0173   305F           00462         movlw   b'01011111'
0174   0095           00463         movwf   pos3
0175   2034           00464         call    sendchar
0176   305F           00465         movlw   b'01011111'
0177   0096           00466         movwf   pos4
0178   2034           00467         call    sendchar
0179   305F           00468         movlw   b'01011111'
017A   0097           00469         movwf   pos5
MPASM  5.35beta                          MAIN.ASM   4-25-2017  21:39:54         PAGE 10


LOC  OBJECT CODE     LINE SOURCE TEXT
  VALUE

017B   2034           00470         call    sendchar                                        ;empty
017C   305F           00471         movlw   b'01011111'                                     ;empty
017D   0098           00472         movwf   pos6
017E   2034           00473         call    sendchar                                        
017F   305F           00474         movlw   b'01011111'                                     ;empty
0180   0099           00475         movwf   pos7
0181   2034           00476         call    sendchar                                
0182   305F           00477         movlw   b'01011111'
0183   009A           00478         movwf   pos8
0184   2034           00479         call    sendchar
0185   305F           00480         movlw   b'01011111'
0186   009B           00481         movwf   pos9
0187   2034           00482         call    sendchar
0188   305F           00483         movlw   b'01011111'
0189   009C           00484         movwf   pos10
018A   2034           00485         call    sendchar                                        ;empty
018B   3020           00486         movlw   b'00100000'                                     ;space
018C   2034           00487         call    sendchar
018D   3020           00488         movlw   b'00100000'                                     ;space
018E   2034           00489         call    sendchar
018F   3020           00490         movlw   b'00100000'                                     ;space
0190   2034           00491         call    sendchar
0191   3053           00492         movlw   b'01010011'                                     ;S
0192   2034           00493         call    sendchar
0193   3020           00494         movlw   b'00100000'                                     ;space
0194   2034           00495         call    sendchar
0195   3040           00496         movlw   b'01000000'                                     ;@
0196   2034           00497         call    sendchar
0197   30C0           00498         movlw   b'11000000'                                     ;newline
0198   2045           00499         call    movecursor
0199   305F           00500         movlw   b'01011111'                                     ;E
019A   009D           00501         movwf   pos11
019B   2034           00502         call    sendchar
019C   305F           00503         movlw   b'01011111'                                     ;empty
019D   009E           00504         movwf   pos12
019E   2034           00505         call    sendchar
019F   305F           00506         movlw   b'01011111'                                     ;empty
01A0   009F           00507         movwf   pos13
01A1   2034           00508         call    sendchar
01A2   305F           00509         movlw   b'01011111'                                     ;empty
01A3   00A0           00510         movwf   pos14
01A4   2034           00511         call    sendchar
01A5   305F           00512         movlw   b'01011111'                                     ;empty
01A6   00A1           00513         movwf   pos15
01A7   2034           00514         call    sendchar                                        
01A8   305F           00515         movlw   b'01011111'                                     ;empty
01A9   00A2           00516         movwf   pos16
01AA   2034           00517         call    sendchar                                        
01AB   305F           00518         movlw   b'01011111'                                     ;empty
01AC   00A3           00519         movwf   pos17
01AD   2034           00520         call    sendchar                                
01AE   305F           00521         movlw   b'01011111'                                     ;empty
01AF   00A4           00522         movwf   pos18
MPASM  5.35beta                          MAIN.ASM   4-25-2017  21:39:54         PAGE 11


LOC  OBJECT CODE     LINE SOURCE TEXT
  VALUE

01B0   2034           00523         call    sendchar
01B1   305F           00524         movlw   b'01011111'                                     ;empty
01B2   00A5           00525         movwf   pos19
01B3   2034           00526         call    sendchar
01B4   3045           00527         movlw   b'01000101'                                     ;E
01B5   00A6           00528         movwf   pos20
01B6   2034           00529         call    sendchar                                        
01B7   3020           00530         movlw   b'00100000'                                     ;space
01B8   2034           00531         call    sendchar
01B9   3020           00532         movlw   b'00100000'                                     ;space
01BA   2034           00533         call    sendchar
01BB   3020           00534         movlw   b'00100000'                                     ;space
01BC   2034           00535         call    sendchar
01BD   3030           00536         movlw   b'00110000'                                     ;0
01BE   2034           00537         call    sendchar
01BF   302C           00538         movlw   b'00101100'                                     ;,
01C0   2034           00539         call    sendchar
01C1   3030           00540         movlw   b'00110000'                                     ;0
01C2   2034           00541         call    sendchar
01C3   3001           00542         movlw   b'00000001'                                     ;state of placing obstacles
01C4   00AE           00543         movwf   obstacleState
01C5   3080           00544         movlw   b'10000000'                                     ;move cursor to beginning of first line
01C6   00B0           00545         movwf   cursorPos
                      00546 ;       movlw   b'00010011'                                     ;register 19 (pos 1)
01C7   28E1           00547         goto    finish
                      00548 
01C8   0009           00549         retfie
                      00550 
01C9   3002           00551 definitialize   movlw   b'00000010'             ;state: default
01CA   0092           00552         movwf   progstate
01CB   1106           00553         bcf     PORTB, 2
01CC   30FF           00554         movlw   b'11111111'             ;obstacle
01CD   0093           00555         movwf   pos1
01CE   2034           00556         call    sendchar
01CF   305F           00557         movlw   b'01011111'                                     ;empty
01D0   0094           00558         movwf   pos2
01D1   2034           00559         call    sendchar
01D2   305F           00560         movlw   b'01011111'
01D3   0095           00561         movwf   pos3
01D4   2034           00562         call    sendchar
01D5   305F           00563         movlw   b'01011111'
01D6   0096           00564         movwf   pos4
01D7   2034           00565         call    sendchar
01D8   305F           00566         movlw   b'01011111'
01D9   0097           00567         movwf   pos5
01DA   2034           00568         call    sendchar                                        ;empty
01DB   3053           00569         movlw   b'01010011'                                     ;S
01DC   0098           00570         movwf   pos6
01DD   2034           00571         call    sendchar                                        
01DE   305F           00572         movlw   b'01011111'                                     ;empty
01DF   0099           00573         movwf   pos7
01E0   2034           00574         call    sendchar                                
01E1   305F           00575         movlw   b'01011111'
MPASM  5.35beta                          MAIN.ASM   4-25-2017  21:39:54         PAGE 12


LOC  OBJECT CODE     LINE SOURCE TEXT
  VALUE

01E2   009A           00576         movwf   pos8
01E3   2034           00577         call    sendchar
01E4   305F           00578         movlw   b'01011111'
01E5   009B           00579         movwf   pos9
01E6   2034           00580         call    sendchar
01E7   305F           00581         movlw   b'01011111'
01E8   009C           00582         movwf   pos10
01E9   2034           00583         call    sendchar                                        ;empty
01EA   3020           00584         movlw   b'00100000'                                     ;space
01EB   2034           00585         call    sendchar
01EC   3020           00586         movlw   b'00100000'                                     ;space
01ED   2034           00587         call    sendchar
01EE   3020           00588         movlw   b'00100000'                                     ;space
01EF   2034           00589         call    sendchar
01F0   3053           00590         movlw   b'01010011'                                     ;S
01F1   2034           00591         call    sendchar
01F2   3020           00592         movlw   b'00100000'                                     ;space
01F3   2034           00593         call    sendchar
01F4   3040           00594         movlw   b'01000000'                                     ;@
01F5   2034           00595         call    sendchar
01F6   30C0           00596         movlw   b'11000000'                                     ;newline
01F7   2045           00597         call    movecursor
01F8   3045           00598         movlw   b'01000101'                                     ;E
01F9   009D           00599         movwf   pos11
01FA   2034           00600         call    sendchar
01FB   30FF           00601         movlw   b'11111111'                                     ;obstacle
01FC   009E           00602         movwf   pos12
01FD   2034           00603         call    sendchar
01FE   305F           00604         movlw   b'01011111'                                     ;empty
01FF   009F           00605         movwf   pos13
0200   2034           00606         call    sendchar
0201   30FF           00607         movlw   b'11111111'                                     ;obstacle
0202   00A0           00608         movwf   pos14
0203   2034           00609         call    sendchar
0204   30FF           00610         movlw   b'11111111'                                     ;obstacle
0205   00A1           00611         movwf   pos15
0206   2034           00612         call    sendchar                                        
0207   305F           00613         movlw   b'01011111'                                     ;empty
0208   00A2           00614         movwf   pos16
0209   2034           00615         call    sendchar                                        
020A   305F           00616         movlw   b'01011111'                                     ;empty
020B   00A3           00617         movwf   pos17
020C   2034           00618         call    sendchar                                
020D   305F           00619         movlw   b'01011111'                                     ;empty
020E   00A4           00620         movwf   pos18
020F   2034           00621         call    sendchar
0210   30FF           00622         movlw   b'11111111'                                     ;obstacle
0211   00A5           00623         movwf   pos19
0212   2034           00624         call    sendchar
0213   30FF           00625         movlw   b'11111111'                                     ;obstacle
0214   00A6           00626         movwf   pos20
0215   2034           00627         call    sendchar                                        
0216   3020           00628         movlw   b'00100000'                                     ;space
MPASM  5.35beta                          MAIN.ASM   4-25-2017  21:39:54         PAGE 13


LOC  OBJECT CODE     LINE SOURCE TEXT
  VALUE

0217   2034           00629         call    sendchar
0218   3020           00630         movlw   b'00100000'                                     ;space
0219   2034           00631         call    sendchar
021A   3020           00632         movlw   b'00100000'                                     ;space
021B   2034           00633         call    sendchar
021C   3030           00634         movlw   b'00110000'                                     ;0
021D   2034           00635         call    sendchar
021E   302C           00636         movlw   b'00101100'                                     ;,
021F   2034           00637         call    sendchar
0220   3035           00638         movlw   b'00110101'                                     ;5
0221   2034           00639         call    sendchar
                      00640         
0222   28E1           00641         goto    finish
                      00642 
0223   00A7           00643 solveMaze       movwf startpos                          ;save value of location of S                    
                                            
0224   300E           00644         movlw   b'00001110'
0225   2045           00645         call    movecursor                                      ;blink OFF
0226   3009           00646         movlw   b'00001001'                                     ;holds number of loops for num2
0227   00A8           00647         movwf   currentIter                                     ;starts at 9, decrement each loop
0228   308B           00648         movlw   b'10001011'                                     ;we need to erase the writing to the rig
                            ht
0229   2045           00649         call    movecursor
022A   3049           00650         movlw   b'01001001'                                     ;I
022B   2034           00651         call    sendchar
022C   3054           00652         movlw   b'01010100'                                     ;T
022D   2034           00653         call    sendchar
022E   3052           00654         movlw   b'01010010'                                     ;R
022F   2034           00655         call    sendchar
0230   3030           00656         movlw   b'00110000'                                     ;0
0231   2034           00657         call    sendchar
0232   3031           00658         movlw   b'00110001'                                     ;1
0233   2034           00659         call    sendchar
0234   30CD           00660         movlw   b'11001101'                                     ;bottom right
0235   2045           00661         call    movecursor                              
0236   3020           00662         movlw   b'00100000'                                     ;space
0237   2034           00663         call    sendchar
0238   3020           00664         movlw   b'00100000'                                     ;space
0239   2034           00665         call    sendchar
023A   3020           00666         movlw   b'00100000'                                     ;space
023B   2034           00667         call    sendchar
023C   3030           00668         movlw   b'00110000'                                     ;set num1 to 0
023D   00A9           00669         movwf   num1
023E   3030           00670         movlw   b'00110000'                                     ;set num2 to 0
023F   00AA           00671         movwf   num2
0240   3000           00672 mazeLoop        movlw   b'00000000'
0241   0727           00673         addwf   startpos, 0                     ;23
0242   00B1           00674         movwf   currentReg                      ;23
                      00675 
0243   0AA9           00676         incf    num1, 1                         ;increment num1
0244   0BA8           00677         decfsz  currentIter, 1                          ;checking if we need to increment num2
0245   2A47           00678         goto    resumeLoop
0246   2A6E           00679         goto    mazeLoopIter
MPASM  5.35beta                          MAIN.ASM   4-25-2017  21:39:54         PAGE 14


LOC  OBJECT CODE     LINE SOURCE TEXT
  VALUE

0247   308E           00680 resumeLoop      movlw   b'10001110'
0248   2045           00681         call    movecursor
0249   302A           00682         movlw   num2
024A   2274           00683         call    indAddress
024B   2034           00684         call    sendchar
024C   3029           00685         movlw   num1
024D   2274           00686         call    indAddress
024E   2034           00687         call    sendchar
024F   306E           00688         movlw   b'01101110'
0250   0731           00689         addwf   currentReg, 0
0251   00AB           00690         movwf   currentPos                      ;position on scree
0252   0A31           00691 mainLoop        incf    currentReg, 0
0253   00AC           00692         movwf   tempCurrentPos
0254   301B           00693         movlw   d'27'
0255   022C           00694         subwf   tempCurrentPos, 0
0256   0B00           00695         decfsz  W, 0
0257   2A68           00696         goto    checkBotRight
0258   3000           00697 resumeMainLoop  movlw   d'00'
0259   072C           00698         addwf   tempCurrentPos, 0
025A   2274           00699         call    indAddress
025B   3043           00700         movlw   b'01000011'                     ;checking for E
025C   0B2D           00701         decfsz  posContents, 0
025D   2A67           00702         goto    pathFound
025E   2A5F           00703         goto    updatePos
                      00704         
025F   302A           00705 updatePos       movlw   b'00101010'
0260   0080           00706         movwf   INDF
0261   306E           00707         movlw   b'01101110'
0262   0731           00708         addwf   currentReg, 0
0263   2045           00709         call    movecursor
0264   302A           00710         movlw   b'00101010'
0265   2034           00711         call    sendchar
0266   2A52           00712         goto    mainLoop
                      00713 
0267   0008           00714 pathFound       return
                      00715 
0268   3025           00716 checkBotRight   movlw   d'37'
0269   022C           00717         subwf   tempCurrentPos, 0
026A   0B00           00718         decfsz  W, 0
026B   2A6D           00719         goto    goLeft
026C   2A58           00720         goto    resumeMainLoop
                      00721 
                      00722 
026D   0008           00723 goLeft  return
                      00724 ;mainMazeLoop
                      00725 ;       incf    currentReg, 0           ;24
                      00726 ;;      movwf   currentReg
                      00727 ;       movwf   tempCurrentPos          ;24
                      00728 ;       movlw   b'00011100'                     ;28
                      00729 ;       subwf   tempCurrentPos, 0
                      00730 ;       decfsz  W, 0
                      00731 ;       goto    goright
                      00732 ;       goto    goleft
MPASM  5.35beta                          MAIN.ASM   4-25-2017  21:39:54         PAGE 15


LOC  OBJECT CODE     LINE SOURCE TEXT
  VALUE

                      00733 ;resume1
                      00734 ;;      goto    checkBoundsBotRight
                      00735 ;resume2
                      00736 ;       movlw   b'00000000'
                      00737 ;       addwf   tempCurrentPos, 0
                      00738 ;       movwf   tempCurrentPos
                      00739 ;       addwf   startpos, 0
                      00740 ;       
                      00741 ;goright        call    indAddress                                      ;get contents of current positio
                            n
                      00742 ;       movlw   b'01000100'                                     ;check if end
                      00743 ;       subwf   posContents, 0
                      00744 ;       decfsz  W, 0
                      00745 ;       goto    pathFound
                      00746 ;       movlw   b'01011110'                                     ;to check if empty      
                      00747 ;       subwf   posContents, 0
                      00748 ;       decfsz  W,0
                      00749 ;       goto    updatePos
                      00750 ;goleft return
                      00751 ;
                      00752 ;pathFound      return  
                      00753 ;       
026E   0AAA           00754 mazeLoopIter    incf    num2, 1                 ;increment num2
026F   3009           00755         movlw   b'00001001'
0270   00A8           00756         movwf   currentIter                                     ;reset currentIter
0271   3030           00757         movlw   b'00110000'                                     ;set num1 to 0
0272   00A9           00758         movwf   num1
0273   2A47           00759         goto    resumeLoop      
                      00760 ;
                      00761 ;;checkBoundsTopRight   movlw   b'00001001'
                      00762 ;;      subwf   tempCurrentPos, 0
                      00763 ;;      decfsz  W, 0
                      00764 ;;      goto    resume1
                      00765 ;;      goto    goleft
                      00766 ;;
                      00767 ;;checkBoundsBotRight   movlw   b'00010011'
                      00768 ;;      subwf   tempCurrentPos, 0
                      00769 ;;      decfsz  W, 0
                      00770 ;;      goto    resume2
                      00771 ;;      goto    goleft
                      00772 ;       
                      00773 ;
                      00774 ;updatePos      movlw   b'01101110'
                      00775 ;       addwf   tempCurrentPos, 0
                      00776 ;       movwf   currentPos
                      00777 ;       call    movecursor
                      00778 ;       movlw   b'00101010'                             ;* visited
                      00779 ;       call    sendchar
                      00780 ;       movlw   b'00000000'
                      00781 ;       addwf   currentReg, 0
                      00782 ;       movwf   FSR
                      00783 ;       movlw   b'00101010'                             ;* visited
                      00784 ;       movwf   INDF
MPASM  5.35beta                          MAIN.ASM   4-25-2017  21:39:54         PAGE 16


LOC  OBJECT CODE     LINE SOURCE TEXT
  VALUE

                      00785 ;       goto    mainMazeLoop
                      00786 ;
0274   0084           00787 indAddress      movwf   FSR
0275   3000           00788         movlw   b'00000000'
0276   0700           00789         addwf   INDF, 0
0277   00AD           00790         movwf   posContents
0278   0008           00791         return
                      00792 
0279   3000           00793 delay1  movlw   H'00'                           ;for 2 seconds delay
027A   008E           00794         movwf   count3
027B   008D           00795         movwf   count2
027C   300A           00796         movlw   0x0a
027D   008C           00797         movwf   count1
                      00798 
027E   0F8E           00799 loop1   incfsz  count3, F                       ;for 2 seconds delay
027F   2A7E           00800         goto    loop1
0280   0F8D           00801         incfsz  count2, F
0281   2A7E           00802         goto    loop1
0282   0B8C           00803         decfsz  count1, F                               
0283   2A7E           00804         goto    loop1
0284   0008           00805         return
                      00806 
0285   1486           00807 ET      BSF     PORTB, 1                                        ;for lcd initialization
0286   0000           00808         NOP
0287   1086           00809         BCF     PORTB, 1
0288   228A           00810         CALL    DELAY
0289   0008           00811         RETURN
                      00812 
028A   3000           00813 DELAY   MOVLW   H'00'                           ;for lcd initialization
028B   008D           00814         MOVWF   count2
028C   3033           00815         MOVLW   0x33
028D   008C           00816         MOVWF   count1
                      00817 
028E   0F8D           00818 LOOP    INCFSZ  count2, F                       ;for lcd initialization
028F   2A8E           00819         GOTO LOOP
0290   0B8C           00820         DECFSZ  count1, F
0291   2A8E           00821         GOTO LOOP
0292   0008           00822         RETURN
0293   2A93           00823 LOOP2   goto LOOP2                                      ;infinite loop
                      00824 
                      00825         end
MPASM  5.35beta                          MAIN.ASM   4-25-2017  21:39:54         PAGE 17


SYMBOL TABLE
  LABEL                             VALUE 

C                                 00000000
DC                                00000001
DELAY                             0000028A
EEADR                             00000009
EECON1                            00000088
EECON2                            00000089
EEDATA                            00000008
EEIE                              00000006
EEIF                              00000004
ET                                00000285
F                                 00000001
FSR                               00000004
GIE                               00000007
INDF                              00000000
INTCON                            0000000B
INTE                              00000004
INTEDG                            00000006
INTF                              00000001
IRP                               00000007
LOOP                              0000028E
LOOP2                             00000293
NOT_PD                            00000003
NOT_RBPU                          00000007
NOT_TO                            00000004
OPTION_REG                        00000081
PCL                               00000002
PCLATH                            0000000A
PORTA                             00000005
PORTB                             00000006
PS0                               00000000
PS1                               00000001
PS2                               00000002
PSA                               00000003
RBIE                              00000003
RBIF                              00000000
RD                                00000000
RP0                               00000005
RP1                               00000006
STATUS                            00000003
T0CS                              00000005
T0IE                              00000005
T0IF                              00000002
T0SE                              00000004
TMR0                              00000001
TRISA                             00000085
TRISB                             00000086
W                                 00000000
WR                                00000001
WREN                              00000002
WRERR                             00000003
Z                                 00000002
_CP_OFF                           00003FFF
_CP_ON                            0000000F
MPASM  5.35beta                          MAIN.ASM   4-25-2017  21:39:54         PAGE 18


SYMBOL TABLE
  LABEL                             VALUE 

_HS_OSC                           00003FFE
_LP_OSC                           00003FFC
_PWRTE_OFF                        00003FFF
_PWRTE_ON                         00003FF7
_RC_OSC                           00003FFF
_WDT_OFF                          00003FFB
_WDT_ON                           00003FFF
_XT_OSC                           00003FFD
__16F84A                          00000001
__DEBUG                           1
checkBotRight                     00000268
choosemode                        00000077
confirmmode                       00000103
count1                            0000000C
count2                            0000000D
count3                            0000000E
currentIter                       00000028
currentPos                        0000002B
currentReg                        00000031
cursorPos                         00000030
cursorstate                       00000011
definitialize                     000001C9
delay1                            00000279
finish                            000000E1
goLeft                            0000026D
indAddress                        00000274
indAddressPointer                 0000002E
initialize                        00000018
lol                               00000010
loop1                             0000027E
main                              00000006
mainLoop                          00000252
mazeLoop                          00000240
mazeLoopIter                      0000026E
mazeMode                          0000016B
modeDefaultInts                   000000C3
modeMazeInts                      000000C7
modeSelectInts                    000000BE
moveCursorObstacle                000000D0
movecursor                        00000045
movepointer                       000000DB
newLinePos                        000000CD
num1                              00000029
num2                              0000002A
obstacleMode                      0000010C
obstacleState                     0000002E
obstaclesPlaced                   0000002F
onetwo                            000000E2
pathFound                         00000267
placeObstacle                     000000D8
placeObstacleMode                 000000C8
pos1                              00000013
pos10                             0000001C
MPASM  5.35beta                          MAIN.ASM   4-25-2017  21:39:54         PAGE 19


SYMBOL TABLE
  LABEL                             VALUE 

pos11                             0000001D
pos12                             0000001E
pos13                             0000001F
pos14                             00000020
pos15                             00000021
pos16                             00000022
pos17                             00000023
pos18                             00000024
pos19                             00000025
pos2                              00000014
pos20                             00000026
pos3                              00000015
pos4                              00000016
pos5                              00000017
pos6                              00000018
pos7                              00000019
pos8                              0000001A
pos9                              0000001B
posContents                       0000002D
progstate                         00000012
rbints                            000000B4
resumeLoop                        00000247
resumeMainLoop                    00000258
sendchar                          00000034
solveMaze                         00000223
startpos                          00000027
tempCurrentPos                    0000002C
tempchar                          0000000F
threeone                          000000F8
twothree                          000000ED
updatePos                         0000025F
welcome                           00000053


MEMORY USAGE MAP ('X' = Used,  '-' = Unused)

0000 : X---XXXXXXXXXXXX XXXXXXXXXXXXXXXX XXXXXXXXXXXXXXXX XXXXXXXXXXXXXXXX
0040 : XXXXXXXXXXXXXXXX XXXXXXXXXXXXXXXX XXXXXXXXXXXXXXXX XXXXXXXXXXXXXXXX
0080 : XXXXXXXXXXXXXXXX XXXXXXXXXXXXXXXX XXXXXXXXXXXXXXXX XXXXXXXXXXXXXXXX
00C0 : XXXXXXXXXXXXXXXX XXXXXXXXXXXXXXXX XXXXXXXXXXXXXXXX XXXXXXXXXXXXXXXX
0100 : XXXXXXXXXXXXXXXX XXXXXXXXXXXXXXXX XXXXXXXXXXXXXXXX XXXXXXXXXXXXXXXX
0140 : XXXXXXXXXXXXXXXX XXXXXXXXXXXXXXXX XXXXXXXXXXXXXXXX XXXXXXXXXXXXXXXX
0180 : XXXXXXXXXXXXXXXX XXXXXXXXXXXXXXXX XXXXXXXXXXXXXXXX XXXXXXXXXXXXXXXX
01C0 : XXXXXXXXXXXXXXXX XXXXXXXXXXXXXXXX XXXXXXXXXXXXXXXX XXXXXXXXXXXXXXXX
0200 : XXXXXXXXXXXXXXXX XXXXXXXXXXXXXXXX XXXXXXXXXXXXXXXX XXXXXXXXXXXXXXXX
0240 : XXXXXXXXXXXXXXXX XXXXXXXXXXXXXXXX XXXXXXXXXXXXXXXX XXXXXXXXXXXXXXXX
MPASM  5.35beta                          MAIN.ASM   4-25-2017  21:39:54         PAGE 20


MEMORY USAGE MAP ('X' = Used,  '-' = Unused)


0280 : XXXXXXXXXXXXXXXX XXXX------------ ---------------- ----------------

All other memory blocks unused.

Program Memory Words Used:   657
Program Memory Words Free:   367


Errors   :     0
Warnings :     0 reported,     0 suppressed
Messages :     2 reported,     0 suppressed

